
> violet-erp@0.0.1 build
> npm run clean && tsc && vite build


> violet-erp@0.0.1 clean
> node -e "const fs = require('fs'); if (fs.existsSync('dist')) fs.rmSync('dist', { recursive: true, force: true })"

[36mvite v6.4.1 [32mbuilding for production...[36m[39m
transforming...
node.exe : 
En línea: 1 Carácter: 1
+ & "C:\Program Files\nodejs/node.exe" "C:\Program Files\nodejs/node_mo ...
+ ~~~~~~~~~~~~~~~~~~~~~~~~~~~~~~~~~~~~~~~~~~~~~~~~~~~~~~~~~~~~~~~~~~~~~
    + CategoryInfo          : NotSpecified: (:String) [], RemoteException
    + FullyQualifiedErrorId : NativeCommandError
 
/noise.png referenced in /noise.png didn't resolve at build time, it will remain unchanged to be resolved at runtime
[32mÔ£ô[39m 1946 modules transformed.
[31mÔ£ù[39m Build failed in 8.05s
[31merror during build:
[31m[vite:esbuild] Transform failed with 1 error:
C:/Users/ET/Documents/GitHub/Violet - Cauplas/Violetv1.0/src/modules/settings/pages/SettingsPage.tsx:314:22: ERROR: 
Unexpected closing "Title" tag does not match opening "CardTitle" tag[31m
file: [36mC:/Users/ET/Documents/GitHub/Violet - 
Cauplas/Violetv1.0/src/modules/settings/pages/SettingsPage.tsx:314:22[31m
[33m
[33mUnexpected closing "Title" tag does not match opening "CardTitle" tag[33m
312|                        <Users className="w-4 h-4 text-violet-500" />
313|                        Usuarios
314|                      </Title>
   |                        ^
315|                    </CardHeader>
316|                    <CardContent>
[31m
    at failureErrorWithLog (C:\Users\ET\Documents\GitHub\Violet - 
Cauplas\Violetv1.0\node_modules\esbuild\lib\main.js:1467:15)
    at C:\Users\ET\Documents\GitHub\Violet - Cauplas\Violetv1.0\node_modules\esbuild\lib\main.js:736:50
    at responseCallbacks.<computed> (C:\Users\ET\Documents\GitHub\Violet - 
Cauplas\Violetv1.0\node_modules\esbuild\lib\main.js:603:9)
    at handleIncomingPacket (C:\Users\ET\Documents\GitHub\Violet - 
Cauplas\Violetv1.0\node_modules\esbuild\lib\main.js:658:12)
    at Socket.readFromStdout (C:\Users\ET\Documents\GitHub\Violet - 
Cauplas\Violetv1.0\node_modules\esbuild\lib\main.js:581:7)
    at Socket.emit (node:events:508:20)
    at addChunk (node:internal/streams/readable:564:12)
    at readableAddChunkPushByteMode (node:internal/streams/readable:515:3)
    at Readable.push (node:internal/streams/readable:395:5)
    at Pipe.onStreamRead (node:internal/stream_base_commons:189:23)[39m
